[emkoprototip.wordpress.com/index.html]
[backblue.gif]
[fade.gif]
[index.html]
[s1.wp.com/_static/indexaa3b.html]
[emkoprototip.wordpress.com/comments/feed/index.html]
[s0.wp.com/wp-content/plugins/gutenberg-core/v16.6.0/build/block-library/blocks/navigation/style1dda.css]
[emkoprototip.wordpress.com/feed/index.html]
[s0.wp.com/wp-content/plugins/gutenberg-core/v16.6.0/build/block-library/blocks/cover/style1dda.css]
[s0.wp.com/wp-content/plugins/gutenberg-core/v16.6.0/build/block-library/blocks/social-links/style1dda.css]
[s1.wp.com/wp-content/js/mobile-useragent-info9d5c.js]
[s0.wp.com/wp-content/plugins/gutenberg-core/v16.6.0/build/interactivity/index.minb731.js]
[s1.wp.com/wp-content/plugins/gutenberg-core/v16.6.0/build/block-library/blocks/navigation/view-interactivity.min984e.js]
[s2.wp.com/_static/index27ec.html]
[emkoprototip.wordpress.com/xmlrpc0db0.php]
[emkoprototip.wordpress.com/osd.xml]
[emkoprototip.files.wordpress.com/2023/10/cropped-web-icon-176ca.png]
[emkoprototip.files.wordpress.com/2023/10/cropped-web-icon-19939.png]
[emkoprototip.files.wordpress.com/2023/10/cropped-web-icon-1ad83.png]
[emkoprototip.files.wordpress.com/2023/08/emko-rreth-nesh.jpg]
[emkoprototip.files.wordpress.com/2023/09/logo-emko.png]
[emkoprototip.files.wordpress.com/2023/09/logo-emkod5e6.png]
[emkoprototip.files.wordpress.com/2023/08/office-chairfddc.png]
[emkoprototip.files.wordpress.com/2023/08/theaterfddc.png]
[emkoprototip.files.wordpress.com/2023/08/classroomfddc.png]
[emkoprototip.wordpress.com/certifikime/index.html]
[emkoprototip.files.wordpress.com/2023/08/coursefddc.png]
[emkoprototip.files.wordpress.com/2023/08/classroom-1fddc.png]
[emkoprototip.wordpress.com/produkte/index.html]
[emkoprototip.wordpress.com/kontakto/index.html]
[emkoprototip.files.wordpress.com/2023/08/tablefddc.png]
[emkoprototip.wordpress.com/projekte-2/index.html]
[emkoprototip.wordpress.com/rreth-nesh/index.html]
[emkoprototip.wordpress.com/2023/09/03/auditore/index.html]
[emkoprototip.files.wordpress.com/2023/08/microscopefddc.png]
[emkoprototip.files.wordpress.com/2023/08/tribunefddc.png]
[emkoprototip.files.wordpress.com/2023/08/table-1fddc.png]
[emkoprototip.files.wordpress.com/2023/08/wardrobefddc.png]
[emkoprototip.files.wordpress.com/2023/08/shelvesfddc.png]
[emkoprototip.files.wordpress.com/2023/08/wardrobe-1fddc.png]
[emkoprototip.files.wordpress.com/2023/08/couchfddc.png]
[emkoprototip.files.wordpress.com/2023/08/stadiumfddc.png]
[emkoprototip.files.wordpress.com/2023/08/map.png]
[emkoprototip.files.wordpress.com/2023/08/telephone-call.png]
[emkoprototip.files.wordpress.com/2023/09/email.png]
[emkoprototip.wordpress.com/GET]
[0.gravatar.com/js/hovercards/hovercards.min2c09.js]
[s2.wp.com/wp-content/mu-plugins/gravatar-hovercards/wpgrohoe8bd.js]
[emkoprototip.files.wordpress.com/2023/10/cropped-web-icon-1ae05.png]
[s0.wp.com/wp-content/mu-plugins/actionbar/actionbar2866.css]
[s0.wp.com/wp-content/mu-plugins/actionbar/actionbarb516.js]
[emkoprototip.wordpress.com/wp-content/plugins/ie-sitemode/custom-jumplist.php]
[stats.wp.com/w03af.js]
[pixel.wp.com/b0b80.gif]
[emkoprototip.wordpress.com/index.html]
[emkoprototip.wordpress.com/wp-content/js/bilmur.min898e.js]
[s1.wp.com/_static/indexaa3b.html]
[s0.wp.com/wp-content/plugins/gutenberg-core/v16.6.0/build/block-library/blocks/navigation/style1dda.css]
[s0.wp.com/wp-content/plugins/gutenberg-core/v16.6.0/build/block-library/blocks/cover/style1dda.css]
[s0.wp.com/wp-content/plugins/gutenberg-core/v16.6.0/build/block-library/blocks/social-links/style1dda.css]
[s1.wp.com/_static/indexd02a.html]
[s2.wp.com/wp-content/themes/h4/globalf753.css]
[s2.wp.com/wp-content/mu-plugins/jetpack-plugin/sun/_inc/blocks/slideshow/viewd2e6.css]
[s2.wp.com/wp-content/plugins/gutenberg-core/v16.6.0/build/vendors/inert-polyfill.min7a0b.js]
[s0.wp.com/_static/index86ca.html]
[s2.wp.com/wp-includes/js/dist/vendor/wp-polyfill.mine5d3.js]
[s0.wp.com/wp-content/plugins/gutenberg-core/v16.6.0/build/dom-ready/index.min3402.js]
[s0.wp.com/wp-content/plugins/gutenberg-core/v16.6.0/build/escape-html/index.minf6bf.js]
[s0.wp.com/wp-content/plugins/gutenberg-core/v16.6.0/build/hooks/index.minb9d1.js]
[s0.wp.com/wp-content/plugins/gutenberg-core/v16.6.0/build/i18n/index.min2feb.js]
[s2.wp.com/_static/indexdf31.html]
[emkoprototip.files.wordpress.com/2023/09/7._iso_2022_page_4_image_0001.jpg]
[emkoprototip.files.wordpress.com/2023/09/7._iso_2022_page_2.png]
[emkoprototip.files.wordpress.com/2023/09/803_14-iso-9001_15-ing.png]
[emkoprototip.files.wordpress.com/2023/09/7._iso_2022_page_3_image_0001.jpg]
[emkoprototip.files.wordpress.com/2023/09/7._iso_2022_page_5_image_0001.jpg]
[emkoprototip.files.wordpress.com/2023/09/7._iso_2022_page_6_image_0001.jpg]
[emkoprototip.wordpress.com/certifikime/GET.3a.delayed]
[emkoprototip.wordpress.com/certifikime/index.html]
[s1.wp.com/wp-content/mu-plugins/comment-likes/js/comment-likes9835.js]
[s0.wp.com/wp-content/mu-plugins/jetpack-plugin/sun/jetpack_vendor/automattic/jetpack-forms/src/contact-form/css/gruniondfdb.css]
[emkoprototip.files.wordpress.com/2023/09/gps.png]
[emkoprototip.files.wordpress.com/2023/09/email-1.png]
[emkoprototip.files.wordpress.com/2023/09/phone-call-2.png]
[emkoprototip.wordpress.com/kontakto/GET.42.delayed]
[emkoprototip.wordpress.com/kontakto/index.html]
[emkoprototip.wordpress.com/2023/09/05/karrige/index.html]
[emkoprototip.files.wordpress.com/2023/09/featured-image-karrige2dff.png]
[emkoprototip.files.wordpress.com/2023/09/featured-image-amfiteater2dff.png]
[emkoprototip.wordpress.com/2023/09/04/amfiteater/index.html]
[emkoprototip.files.wordpress.com/2023/09/featured-image-auditore2dff.png]
[emkoprototip.files.wordpress.com/2023/09/featured-image-salla-seminaresh2dff.png]
[emkoprototip.wordpress.com/2023/09/02/salla-seminaresh/index.html]
[emkoprototip.files.wordpress.com/2023/09/featured-image-klasa-shkolle-2dff.png]
[emkoprototip.wordpress.com/2023/09/01/klasa-shkolle-universitete/index.html]
[emkoprototip.wordpress.com/2023/08/31/tavolina/index.html]
[emkoprototip.files.wordpress.com/2023/09/featured-image-tavolina2dff.png]
[emkoprototip.wordpress.com/2023/08/30/laboratore/index.html]
[emkoprototip.files.wordpress.com/2023/09/featured-image-laboratore2dff.png]
[emkoprototip.files.wordpress.com/2023/09/featured-image-miks2dff.png]
[emkoprototip.wordpress.com/2023/08/29/miks/index.html]
[emkoprototip.wordpress.com/produkte/GET]
[emkoprototip.wordpress.com/produkte/indexe40d.html]
[emkoprototip.wordpress.com/produkte/indexa0f3.html]
[emkoprototip.wordpress.com/produkte/index.html]
[emkoprototip.files.wordpress.com/2023/09/faik1af90.jpg]
[emkoprototip.files.wordpress.com/2023/09/faik2af90.jpg]
[emkoprototip.files.wordpress.com/2023/09/faik3af90.jpg]
[emkoprototip.files.wordpress.com/2023/09/faik4af90.jpg]
[emkoprototip.files.wordpress.com/2023/09/faik5af90.jpg]
[emkoprototip.files.wordpress.com/2023/09/faik6af90.jpg]
[emkoprototip.files.wordpress.com/2023/09/fea42dff.jpg]
[emkoprototip.files.wordpress.com/2023/09/fea52dff.jpg]
[emkoprototip.files.wordpress.com/2023/09/fea72dff.jpg]
[emkoprototip.files.wordpress.com/2023/09/fea82dff.jpg]
[emkoprototip.files.wordpress.com/2023/09/snv1af90.jpg]
[emkoprototip.files.wordpress.com/2023/09/snv2af90.jpg]
[emkoprototip.files.wordpress.com/2023/09/snv4bf83.jpg]
[emkoprototip.files.wordpress.com/2023/09/snv5af90.jpg]
[emkoprototip.files.wordpress.com/2023/09/snv9af90.jpg]
[emkoprototip.files.wordpress.com/2023/09/snv10af90.jpg]
[emkoprototip.files.wordpress.com/2023/09/snv11af90.jpg]
[emkoprototip.files.wordpress.com/2023/09/snv12af90.jpg]
[emkoprototip.files.wordpress.com/2023/09/snv13af90.jpg]
[emkoprototip.files.wordpress.com/2023/09/ek1af90.jpg]
[emkoprototip.files.wordpress.com/2023/09/ek2af90.jpg]
[emkoprototip.files.wordpress.com/2023/09/ek8af90.jpg]
[emkoprototip.files.wordpress.com/2023/09/ek10af90.jpg]
[emkoprototip.files.wordpress.com/2023/09/ek12af90.jpg]
[emkoprototip.files.wordpress.com/2023/09/untitled_panorama12dff.jpg]
[emkoprototip.files.wordpress.com/2023/09/untitled_panorama22dff.jpg]
[emkoprototip.files.wordpress.com/2023/09/untitled_panorama32dff.jpg]
[emkoprototip.files.wordpress.com/2023/09/untitled_panorama42dff.jpg]
[emkoprototip.files.wordpress.com/2023/09/untitled_panorama52dff.jpg]
[emkoprototip.files.wordpress.com/2023/09/untitled_panorama62dff.jpg]
[emkoprototip.files.wordpress.com/2023/09/kosova22dff.jpg]
[emkoprototip.files.wordpress.com/2023/09/kosova12dff.jpg]
[emkoprototip.files.wordpress.com/2023/09/tbu12dff.jpg]
[emkoprototip.files.wordpress.com/2023/09/tbu22dff.jpg]
[emkoprototip.files.wordpress.com/2023/09/tbu32dff.jpg]
[emkoprototip.files.wordpress.com/2023/09/tbu42dff.jpg]
[emkoprototip.files.wordpress.com/2023/09/tbu52dff.jpg]
[emkoprototip.files.wordpress.com/2023/09/tbu62dff.jpg]
[emkoprototip.files.wordpress.com/2023/09/tbu72dff.jpg]
[emkoprototip.files.wordpress.com/2023/09/uet12dff.jpg]
[emkoprototip.files.wordpress.com/2023/09/uet22dff.jpg]
[emkoprototip.files.wordpress.com/2023/09/uet32dff.jpg]
[emkoprototip.files.wordpress.com/2023/09/uet42dff.jpg]
[emkoprototip.files.wordpress.com/2023/09/uet52dff.jpg]
[emkoprototip.files.wordpress.com/2023/09/uet62dff.jpg]
[emkoprototip.files.wordpress.com/2023/09/uet72dff.jpg]
[emkoprototip.files.wordpress.com/2023/09/uet92dff.jpg]
[emkoprototip.files.wordpress.com/2023/09/uet102dff.jpg]
[emkoprototip.files.wordpress.com/2023/09/fsn1af90.jpg]
[emkoprototip.files.wordpress.com/2023/09/fsn2af90.jpg]
[emkoprototip.files.wordpress.com/2023/09/fsn3af90.jpg]
[emkoprototip.files.wordpress.com/2023/09/fsn4af90.jpg]
[emkoprototip.files.wordpress.com/2023/09/fsn5af90.jpg]
[emkoprototip.files.wordpress.com/2023/09/globus12dff.jpg]
[emkoprototip.files.wordpress.com/2023/09/globus22dff.jpg]
[emkoprototip.files.wordpress.com/2023/09/globus32dff.jpg]
[emkoprototip.files.wordpress.com/2023/09/globus42dff.jpg]
[emkoprototip.files.wordpress.com/2023/09/globus52dff.jpg]
[emkoprototip.files.wordpress.com/2023/09/globus62dff.jpg]
[emkoprototip.files.wordpress.com/2023/09/pavaresia1af90.jpg]
[emkoprototip.files.wordpress.com/2023/09/pavaresia2af90.jpg]
[emkoprototip.files.wordpress.com/2023/09/pavaresia3af90.jpg]
[emkoprototip.files.wordpress.com/2023/09/pavaresia4af90.jpg]
[emkoprototip.files.wordpress.com/2023/09/pavaresia5af90.jpg]
[emkoprototip.files.wordpress.com/2023/09/zoja1af90.jpg]
[emkoprototip.files.wordpress.com/2023/09/zoja2af90.jpg]
[emkoprototip.files.wordpress.com/2023/09/zoja3af90.jpg]
[emkoprototip.files.wordpress.com/2023/09/zoja4af90.jpg]
[emkoprototip.files.wordpress.com/2023/09/zoja5af90.jpg]
[emkoprototip.files.wordpress.com/2023/09/zoja6af90.jpg]
[emkoprototip.files.wordpress.com/2023/09/zoja7af90.jpg]
[emkoprototip.files.wordpress.com/2023/09/zoja8af90.jpg]
[emkoprototip.files.wordpress.com/2023/09/zoja9af90.jpg]
[emkoprototip.files.wordpress.com/2023/09/zoja10af90.jpg]
[emkoprototip.files.wordpress.com/2023/09/ua1af90.jpg]
[emkoprototip.files.wordpress.com/2023/09/ua2af90.jpg]
[emkoprototip.files.wordpress.com/2023/09/ua3af90.jpg]
[emkoprototip.files.wordpress.com/2023/09/ua4af90.jpg]
[emkoprototip.files.wordpress.com/2023/09/ua5af90.jpg]
[emkoprototip.files.wordpress.com/2023/09/ua6af90.jpg]
[emkoprototip.files.wordpress.com/2023/09/us12dff.jpg]
[emkoprototip.files.wordpress.com/2023/09/us22dff.jpg]
[emkoprototip.files.wordpress.com/2023/09/us32dff.jpg]
[emkoprototip.files.wordpress.com/2023/09/us42dff.jpg]
[emkoprototip.files.wordpress.com/2023/09/us52dff.jpg]
[emkoprototip.files.wordpress.com/2023/09/us62dff.jpg]
[emkoprototip.files.wordpress.com/2023/09/us72dff.jpg]
[emkoprototip.files.wordpress.com/2023/09/us82dff.jpg]
[emkoprototip.files.wordpress.com/2023/09/uv1af90.jpg]
[emkoprototip.files.wordpress.com/2023/09/uv2af90.jpg]
[emkoprototip.files.wordpress.com/2023/09/uv3af90.jpg]
[emkoprototip.files.wordpress.com/2023/09/uv4af90.jpg]
[emkoprototip.files.wordpress.com/2023/09/luarasi12dff.jpg]
[emkoprototip.files.wordpress.com/2023/09/luarasi22dff.jpg]
[emkoprototip.files.wordpress.com/2023/09/luarasi32dff.jpg]
[emkoprototip.files.wordpress.com/2023/09/luarasi62dff.jpg]
[emkoprototip.files.wordpress.com/2023/09/luarasi72dff.jpg]
[emkoprototip.files.wordpress.com/2023/09/luarasi82dff.jpg]
[emkoprototip.files.wordpress.com/2023/09/luarasi92dff.jpg]
[emkoprototip.files.wordpress.com/2023/09/luarasi102dff.jpg]
[emkoprototip.files.wordpress.com/2023/09/luarasi112dff.jpg]
[emkoprototip.files.wordpress.com/2023/09/luarasi122dff.jpg]
[emkoprototip.files.wordpress.com/2023/09/untitled_panorama3-12dff.jpg]
[emkoprototip.files.wordpress.com/2023/09/untitled_panorama4-12dff.jpg]
[emkoprototip.files.wordpress.com/2023/09/untitled_panorama5-12dff.jpg]
[emkoprototip.files.wordpress.com/2023/09/untitled_panorama6-12dff.jpg]
[emkoprototip.files.wordpress.com/2023/09/untitled_panorama92dff.jpg]
[emkoprototip.files.wordpress.com/2023/09/untitled_panorama102dff.jpg]
[emkoprototip.files.wordpress.com/2023/09/untitled_panorama112dff.jpg]
[emkoprototip.wordpress.com/projekte-2/GET.bd.delayed]
[emkoprototip.wordpress.com/projekte-2/index.html]
[s1.wp.com/wp-content/plugins/gutenberg-core/v16.6.0/build/block-library/blocks/image/view-interactivity.mind32b.js]
[emkoprototip.files.wordpress.com/2023/09/slider32dff.jpg]
[emkoprototip.files.wordpress.com/2023/09/binoculars.png]
[emkoprototip.files.wordpress.com/2023/09/mission.png]
[emkoprototip.files.wordpress.com/2023/09/trust.png]
[emkoprototip.files.wordpress.com/2023/09/badge.png]
[emkoprototip.files.wordpress.com/2023/09/suitcase.png]
[emkoprototip.wordpress.com/rreth-nesh/GET]
[emkoprototip.wordpress.com/rreth-nesh/index.html]
[emkoprototip.wordpress.com/2023/09/03/karrige/index.html]
[emkoprototip.files.wordpress.com/2023/09/auditore-ergonomike504.png]
[emkoprototip.files.wordpress.com/2023/09/auditore-ekonomik0c9d.png]
[emkoprototip.files.wordpress.com/2023/09/auditore-natyralf3de.png]
[emkoprototip.wordpress.com/2023/09/03/auditore/GET]
[emkoprototip.wordpress.com/category/produkte/index.html]
[emkoprototip.wordpress.com/2023/09/03/auditore/index.html]
[emkoprototip.wordpress.com/GET.html]
[s0.wp.com/wp-content/mu-plugins/actionbar/actionbar2866.css]
[s2.wp.com/wp-content/mu-plugins/jetpack-plugin/sun/_inc/blocks/slideshow/viewd2e6.css]
[emkoprototip.wordpress.com/certifikime/GET.html]
[s0.wp.com/wp-content/mu-plugins/jetpack-plugin/sun/jetpack_vendor/automattic/jetpack-forms/src/contact-form/css/gruniondfdb.css]
[emkoprototip.wordpress.com/kontakto/GET.html]
[emkoprototip.files.wordpress.com/2023/09/utilitare-1251c.png]
[emkoprototip.files.wordpress.com/2023/09/plastikec0aa.png]
[emkoprototip.files.wordpress.com/2023/09/ekzekutived6d7.png]
[emkoprototip.files.wordpress.com/2023/09/pritese970c.png]
[emkoprototip.wordpress.com/2023/09/05/karrige/GET]
[emkoprototip.wordpress.com/2023/09/05/karrige/index.html]
[emkoprototip.files.wordpress.com/2023/09/500tlf6bc.png]
[emkoprototip.files.wordpress.com/2023/09/500ee14.png]
[emkoprototip.wordpress.com/2023/09/04/amfiteater/GET]
[emkoprototip.wordpress.com/2023/09/04/amfiteater/index.html]
[emkoprototip.files.wordpress.com/2023/09/equity2fb5.png]
[emkoprototip.files.wordpress.com/2023/09/colors453c.png]
[emkoprototip.files.wordpress.com/2023/09/iso-315-1b5b7.png]
[emkoprototip.files.wordpress.com/2023/09/prisma95bd.png]
[emkoprototip.files.wordpress.com/2023/09/prisma-195bd.png]
[emkoprototip.files.wordpress.com/2023/09/isonet36cc.png]
[emkoprototip.files.wordpress.com/2023/09/iso-315-2453c.png]
[emkoprototip.wordpress.com/2023/09/02/salla-seminaresh/GET]
[emkoprototip.wordpress.com/2023/09/02/salla-seminaresh/index.html]
[emkoprototip.files.wordpress.com/2023/09/cikli-i-lartea4f4.png]
[emkoprototip.files.wordpress.com/2023/09/ngjyrat-klasa-shkolle-163b0.png]
[emkoprototip.files.wordpress.com/2023/09/emer-12b51.png]
[emkoprototip.files.wordpress.com/2023/09/ngjyrat-klasa-shkolle63b0.png]
[emkoprototip.files.wordpress.com/2023/09/emer-224f6.png]
[emkoprototip.files.wordpress.com/2023/09/emer-3beda.png]
[emkoprototip.files.wordpress.com/2023/09/cikli-i-mesem45a7.png]
[emkoprototip.files.wordpress.com/2023/09/emer-419b0.png]
[emkoprototip.files.wordpress.com/2023/09/emer-577fc.png]
[emkoprototip.files.wordpress.com/2023/09/cikli-i-larte-26cc5.png]
[emkoprototip.files.wordpress.com/2023/09/leksionistec198.png]
[emkoprototip.files.wordpress.com/2023/09/emer-6.1a792.png]
[emkoprototip.files.wordpress.com/2023/09/cikli-i-larte-3cdd8.png]
[emkoprototip.wordpress.com/2023/09/01/klasa-shkolle-universitete/GET]
[emkoprototip.wordpress.com/2023/09/01/klasa-shkolle-universitete/index.html]
[emkoprototip.files.wordpress.com/2023/09/tavolina-zyre14f8.png]
[emkoprototip.files.wordpress.com/2023/09/tavolina-zyre-2b55d.png]
[emkoprototip.files.wordpress.com/2023/09/tavolina-d4f0.png]
[emkoprototip.files.wordpress.com/2023/09/tavolina-2f6bc.png]
[emkoprototip.files.wordpress.com/2023/09/tavolina-operatori4276.png]
[emkoprototip.files.wordpress.com/2023/09/tavolina-operatori-2f034.png]
[emkoprototip.files.wordpress.com/2023/09/tavolina-operatori-35b07.png]
[emkoprototip.files.wordpress.com/2023/09/tavolina-operatori-4e7dc.png]
[emkoprototip.files.wordpress.com/2023/09/tavolina-emri-10f80.png]
[emkoprototip.files.wordpress.com/2023/09/tavolina-emri-21d67.png]
[emkoprototip.files.wordpress.com/2023/09/tavolina-emri-37595.png]
[emkoprototip.files.wordpress.com/2023/09/tavolina-emri-4f034.png]
[emkoprototip.files.wordpress.com/2023/09/tavolina-mbledhje-emri-12f12.png]
[emkoprototip.files.wordpress.com/2023/09/seria_2000debf4.png]
[emkoprototip.files.wordpress.com/2023/09/tavoline-mbeldhje-emri-20f80.png]
[emkoprototip.files.wordpress.com/2023/09/seria_3000debf4.png]
[emkoprototip.files.wordpress.com/2023/09/tavoline-mbledhje-emri-30f80.png]
[emkoprototip.files.wordpress.com/2023/09/biblotekeebf4.png]
[emkoprototip.files.wordpress.com/2023/09/kopesht_1ebf4.png]
[emkoprototip.files.wordpress.com/2023/09/kopshti-2f034.png]
[emkoprototip.files.wordpress.com/2023/09/tm-emri-1ebf4.png]
[emkoprototip.files.wordpress.com/2023/09/tm-emri-2ebf4.png]
[emkoprototip.files.wordpress.com/2023/09/tm-emri-3ebf4.png]
[emkoprototip.files.wordpress.com/2023/09/tm-emri-4fa64.png]
[emkoprototip.files.wordpress.com/2023/09/tm-emri-5ebf4.png]
[emkoprototip.files.wordpress.com/2023/09/tm-emri-6ebf4.png]
[emkoprototip.files.wordpress.com/2023/09/tm-emri-7ebf4.png]
[emkoprototip.files.wordpress.com/2023/09/tm-emri-8ebf4.png]
[emkoprototip.files.wordpress.com/2023/09/tm-emri-9ebf4.png]
[emkoprototip.files.wordpress.com/2023/09/tm-emri-10ebf4.png]
[emkoprototip.files.wordpress.com/2023/09/tm-emri-11ebf4.png]
[emkoprototip.files.wordpress.com/2023/09/tm-emri-120c9d.png]
[emkoprototip.files.wordpress.com/2023/09/tavoline-zyre0cb6.png]
[emkoprototip.wordpress.com/2023/08/31/tavolina/GET]
[emkoprototip.wordpress.com/2023/08/31/tavolina/index.html]
[emkoprototip.files.wordpress.com/2023/09/screenshot-2023-09-03-at-20.20.152dff.png]
[emkoprototip.files.wordpress.com/2023/09/screenshot-2023-09-03-at-20.20.412dff.png]
[emkoprototip.files.wordpress.com/2023/09/screenshot-2023-09-03-at-20.21.042dff.png]
[emkoprototip.files.wordpress.com/2023/09/screenshot-2023-09-03-at-20.21.212dff.png]
[emkoprototip.files.wordpress.com/2023/09/screenshot-2023-09-03-at-20.21.372dff.png]
[emkoprototip.files.wordpress.com/2023/09/screenshot-2023-09-03-at-20.21.522dff.png]
[emkoprototip.files.wordpress.com/2023/09/screenshot-2023-09-03-at-20.22.072dff.png]
[emkoprototip.wordpress.com/2023/08/30/laboratore/GET]
[emkoprototip.wordpress.com/2023/08/30/laboratore/index.html]
[emkoprototip.files.wordpress.com/2023/09/screenshot-2023-09-03-at-20.29.352dff.png]
[emkoprototip.files.wordpress.com/2023/09/screenshot-2023-09-03-at-20.31.321c26.png]
[emkoprototip.files.wordpress.com/2023/09/screenshot-2023-09-03-at-20.30.03bc14.png]
[emkoprototip.files.wordpress.com/2023/09/screenshot-2023-09-03-at-20.30.222dff.png]
[emkoprototip.files.wordpress.com/2023/09/screenshot-2023-09-03-at-20.30.41d552.png]
[emkoprototip.files.wordpress.com/2023/09/screenshot-2023-09-03-at-20.31.533f4d.png]
[emkoprototip.files.wordpress.com/2023/09/screenshot-2023-09-03-at-20.31.04270b.png]
[emkoprototip.files.wordpress.com/2023/09/screenshot-2023-09-03-at-20.32.10ae7c.png]
[emkoprototip.wordpress.com/2023/08/29/miks/GET]
[emkoprototip.wordpress.com/2023/08/28/linja-industriale/index.html]
[emkoprototip.wordpress.com/2023/08/29/miks/index.html]
[emkoprototip.files.wordpress.com/2023/09/featured-image-linja-industriale2dff.png]
[emkoprototip.wordpress.com/2023/08/27/dollape-metalik-modele-1-2-3/index.html]
[emkoprototip.files.wordpress.com/2023/09/featured-image-dollape-metalike2dff.png]
[emkoprototip.wordpress.com/2023/08/26/skafale-metalik/index.html]
[emkoprototip.files.wordpress.com/2023/09/featured-image-skafale-metalike2dff.png]
[emkoprototip.files.wordpress.com/2023/09/featured-image-dollape2dff.png]
[emkoprototip.wordpress.com/2023/08/25/dollape/index.html]
[emkoprototip.files.wordpress.com/2023/09/featured-image-kolltuqe2dff.png]
[emkoprototip.wordpress.com/2023/08/24/kolltuke/index.html]
[emkoprototip.files.wordpress.com/2023/09/featured-image-stadiume2dff.png]
[emkoprototip.wordpress.com/2023/08/23/stadiume/index.html]
[emkoprototip.files.wordpress.com/2023/09/featured-image-karrige-utilitare2dff.png]
[emkoprototip.wordpress.com/2023/08/22/karrige-utilitare/index.html]
[emkoprototip.files.wordpress.com/2023/09/featured-image-karrige-plastike2dff.png]
[emkoprototip.wordpress.com/2023/08/21/karrige-plastike/index.html]
[emkoprototip.wordpress.com/produkte/index2b9e.html]
[emkoprototip.wordpress.com/produkte/index61d9.html]
[emkoprototip.wordpress.com/produkte/indexade5.html]
[emkoprototip.wordpress.com/produkte/indexe40d.html]
[emkoprototip.files.wordpress.com/2023/09/featured-image-karrige-ekzekutive2dff.png]
[emkoprototip.wordpress.com/2023/08/20/karrige-ekzekutive/index.html]
[emkoprototip.files.wordpress.com/2023/09/featured-image-karrige-pritse2dff.png]
[emkoprototip.wordpress.com/2023/08/19/karrige-pritese/index.html]
[emkoprototip.wordpress.com/produkte/index7aa8.html]
[emkoprototip.wordpress.com/produkte/indexa0f3.html]
[emkoprototip.wordpress.com/produkte/GET.html]
[emkoprototip.wordpress.com/projekte-2/GET.html]
[emkoprototip.wordpress.com/rreth-nesh/GET.html]
[emkoprototip.wordpress.com/2023/09/03/auditore/index9a7b.html]
[emkoprototip.wordpress.com/2023/09/03/auditore/index5a58.html]
[emkoprototip.wordpress.com/category/produkte/GET]
[emkoprototip.wordpress.com/category/produkte/page/2/index.html]
[emkoprototip.wordpress.com/category/produkte/feed/index.html]
[emkoprototip.wordpress.com/category/produkte/index.html]
[emkoprototip.wordpress.com/2023/09/03/auditore/GET.html]
[emkoprototip.wordpress.com/2023/09/04/karrige-utilitare/index.html]
[emkoprototip.wordpress.com/2023/09/04/karrige-plastike/index.html]
[emkoprototip.wordpress.com/2023/09/04/karrige-ekzekutive/index.html]
[emkoprototip.wordpress.com/2023/09/04/karrige-pritese/index.html]
[emkoprototip.wordpress.com/2023/09/05/karrige/index9a7b.html]
[emkoprototip.wordpress.com/2023/09/05/karrige/index5a58.html]
[emkoprototip.wordpress.com/2023/09/05/karrige/GET.html]
[emkoprototip.wordpress.com/2023/09/04/amfiteater/index9a7b.html]
[emkoprototip.wordpress.com/2023/09/04/amfiteater/index5a58.html]
[emkoprototip.wordpress.com/2023/09/04/amfiteater/GET.html]
[emkoprototip.wordpress.com/2023/09/02/salla-seminaresh/index9a7b.html]
[emkoprototip.wordpress.com/2023/09/02/salla-seminaresh/index5a58.html]
[emkoprototip.wordpress.com/2023/09/02/salla-seminaresh/GET.html]
[emkoprototip.wordpress.com/2023/09/01/klasa-shkolle-universitete/index9a7b.html]
[emkoprototip.wordpress.com/2023/09/01/klasa-shkolle-universitete/index5a58.html]
[emkoprototip.wordpress.com/2023/09/01/klasa-shkolle-universitete/GET.html]
[emkoprototip.wordpress.com/2023/08/31/tavolina/index9a7b.html]
[emkoprototip.wordpress.com/2023/08/31/tavolina/index5a58.html]
[emkoprototip.wordpress.com/2023/08/31/tavolina/GET.html]
[emkoprototip.wordpress.com/2023/08/30/laboratore/index9a7b.html]
[emkoprototip.wordpress.com/2023/08/30/laboratore/index5a58.html]
[emkoprototip.wordpress.com/2023/08/30/laboratore/GET.html]
[emkoprototip.wordpress.com/2023/08/29/miks/index9a7b.html]
[emkoprototip.wordpress.com/2023/08/29/miks/index5a58.html]
[emkoprototip.files.wordpress.com/2023/09/screenshot-2023-09-03-at-20.40.352dff.png]
[emkoprototip.files.wordpress.com/2023/09/screenshot-2023-09-03-at-20.41.072dff.png]
[emkoprototip.files.wordpress.com/2023/09/screenshot-2023-09-03-at-20.41.2433e6.png]
[emkoprototip.files.wordpress.com/2023/09/screenshot-2023-09-03-at-20.42.037745.png]
[emkoprototip.files.wordpress.com/2023/09/screenshot-2023-09-03-at-20.42.212dff.png]
[emkoprototip.files.wordpress.com/2023/09/screenshot-2023-09-03-at-20.42.382dff.png]
[emkoprototip.wordpress.com/2023/08/28/linja-industriale/GET.146.delayed]
[emkoprototip.wordpress.com/2023/08/28/linja-industriale/index.html]
[emkoprototip.wordpress.com/2023/08/29/miks/GET.html]
[emkoprototip.files.wordpress.com/2023/09/dollap-metalik-me-dyer-me-rreshqitseab70.png]
[emkoprototip.files.wordpress.com/2023/09/ngjyra-dollap-metail8341.png]
[emkoprototip.files.wordpress.com/2023/09/dollap-metalik-me-kanataab70.png]
[emkoprototip.files.wordpress.com/2023/09/dollap-metalik-emer-102b3.png]
[emkoprototip.files.wordpress.com/2023/09/dollap-metalik-emer-2f4f6.png]
[emkoprototip.files.wordpress.com/2023/09/dollap-metalik-emer-3196b.png]
[emkoprototip.files.wordpress.com/2023/09/dollap-metalik-emer-4a792.png]
[emkoprototip.files.wordpress.com/2023/09/kastiere-dokumentash525b.png]
[emkoprototip.files.wordpress.com/2023/09/sirtare-metalikeefad.png]
[emkoprototip.wordpress.com/2023/08/27/dollape-metalik-modele-1-2-3/GET]
[emkoprototip.wordpress.com/2023/08/27/dollape-metalik-modele-1-2-3/index.html]
[emkoprototip.files.wordpress.com/2023/09/screenshot-2023-09-03-at-21.53.132dff.png]
[emkoprototip.files.wordpress.com/2023/09/screenshot-2023-09-03-at-20.48.165dd1.png]
[emkoprototip.files.wordpress.com/2023/09/screenshot-2023-09-03-at-21.54.252dff.png]
[emkoprototip.files.wordpress.com/2023/09/screenshot-2023-09-03-at-21.53.532dff.png]
[emkoprototip.files.wordpress.com/2023/09/screenshot-2023-09-03-at-21.57.22c00a.png]
[emkoprototip.files.wordpress.com/2023/09/screenshot-2023-09-03-at-21.54.072dff.png]
[emkoprototip.wordpress.com/2023/08/26/skafale-metalik/GET]
[emkoprototip.wordpress.com/2023/08/26/skafale-metalik/index.html]
[emkoprototip.files.wordpress.com/2023/09/dollap-emer-1c5d6.png]
[emkoprototip.files.wordpress.com/2023/09/dollap-emer-2ab70.png]
[emkoprototip.files.wordpress.com/2023/09/dollap-emer-391e1.png]
[emkoprototip.files.wordpress.com/2023/09/dollap-emer-4196b.png]
[emkoprototip.wordpress.com/2023/08/25/dollape/GET]
[emkoprototip.wordpress.com/2023/08/25/dollape/index.html]
[emkoprototip.files.wordpress.com/2023/09/screenshot-2023-09-03-at-22.00.022dff.png]
[emkoprototip.files.wordpress.com/2023/09/screenshot-2023-09-03-at-20.48.16-15dd1.png]
[emkoprototip.files.wordpress.com/2023/09/screenshot-2023-09-03-at-22.00.222dff.png]
[emkoprototip.files.wordpress.com/2023/09/screenshot-2023-09-03-at-20.48.16-25dd1.png]
[emkoprototip.wordpress.com/2023/08/24/kolltuke/GET]
[emkoprototip.wordpress.com/2023/08/24/kolltuke/index.html]
[emkoprototip.files.wordpress.com/2023/09/screenshot-2023-09-03-at-22.04.252dff.png]
[emkoprototip.files.wordpress.com/2023/09/image-1bbbd.png]
[emkoprototip.files.wordpress.com/2023/09/screenshot-2023-09-03-at-22.04.3910f0.png]
[emkoprototip.files.wordpress.com/2023/09/screenshot-2023-09-03-at-22.05.32e72f.png]
[emkoprototip.files.wordpress.com/2023/09/screenshot-2023-09-03-at-22.05.437c4e.png]
[emkoprototip.files.wordpress.com/2023/09/screenshot-2023-09-03-at-22.06.06195a.png]
[emkoprototip.files.wordpress.com/2023/09/screenshot-2023-09-03-at-22.06.252dff.png]
[emkoprototip.files.wordpress.com/2023/09/screenshot-2023-09-03-at-22.06.392dff.png]
[emkoprototip.files.wordpress.com/2023/09/screenshot-2023-09-03-at-22.06.522dff.png]
[emkoprototip.files.wordpress.com/2023/09/screenshot-2023-09-03-at-22.07.0514be.png]
[emkoprototip.files.wordpress.com/2023/09/screenshot-2023-09-03-at-22.07.20-1c3f8.png]
[emkoprototip.files.wordpress.com/2023/09/screenshot-2023-09-03-at-22.07.33-12dff.png]
[emkoprototip.files.wordpress.com/2023/09/screenshot-2023-09-03-at-22.07.47-12dff.png]
[emkoprototip.files.wordpress.com/2023/09/screenshot-2023-09-03-at-22.07.582dff.png]
[emkoprototip.wordpress.com/2023/08/23/stadiume/GET]
[emkoprototip.wordpress.com/2023/08/23/stadiume/index.html]
[emkoprototip.files.wordpress.com/2023/09/y10196b.png]
[emkoprototip.files.wordpress.com/2023/09/ngjyra-karrige-utilitare-1-11bbe.png]
[emkoprototip.files.wordpress.com/2023/09/x21b7c.png]
[emkoprototip.files.wordpress.com/2023/09/ngjyra-karrige-utilitare-11bbe.png]
[emkoprototip.files.wordpress.com/2023/09/q39ebc.png]
[emkoprototip.files.wordpress.com/2023/09/ngjyra-karrige-utilitare-3f20a.png]
[emkoprototip.files.wordpress.com/2023/09/melania4a72.png]
[emkoprototip.files.wordpress.com/2023/09/ngjyra-karrige-utilitare-3-1f20a.png]
[emkoprototip.files.wordpress.com/2023/09/jo-jo6d3d.png]
[emkoprototip.files.wordpress.com/2023/09/equity_utilitare91e1.png]
[emkoprototip.files.wordpress.com/2023/09/kugae7dc.png]
[emkoprototip.files.wordpress.com/2023/09/apollo5b07.png]
[emkoprototip.files.wordpress.com/2023/09/duke6d3d.png]
[emkoprototip.files.wordpress.com/2023/09/namaste0f8d.png]
[emkoprototip.files.wordpress.com/2023/09/ledc5d6.png]
[emkoprototip.files.wordpress.com/2023/09/work-6d2f.png]
[emkoprototip.files.wordpress.com/2023/09/q99925.png]
[emkoprototip.files.wordpress.com/2023/09/spring196b.png]
[emkoprototip.files.wordpress.com/2023/09/asia5b07.png]
[emkoprototip.files.wordpress.com/2023/09/ngjyra-karrige-utilitare-2163a.png]
[emkoprototip.files.wordpress.com/2023/09/belladeb6.png]
[emkoprototip.files.wordpress.com/2023/09/aviator0f8d.png]
[emkoprototip.files.wordpress.com/2023/09/ngjyra-karrige-utilitare-2-1163a.png]
[emkoprototip.files.wordpress.com/2023/09/billab70.png]
[emkoprototip.files.wordpress.com/2023/09/ngjyra-karrige-utilitare-2-2163a.png]
[emkoprototip.files.wordpress.com/2023/09/kube6d2f.png]
[emkoprototip.files.wordpress.com/2023/09/thank-youe4f3.png]
[emkoprototip.files.wordpress.com/2023/09/stratose7dc.png]
[emkoprototip.files.wordpress.com/2023/09/IVARS4a72.png]
[emkoprototip.files.wordpress.com/2023/09/reflexab70.png]
[emkoprototip.wordpress.com/2023/08/22/karrige-utilitare/GET]
[emkoprototip.wordpress.com/category/karrige/index.html]
[emkoprototip.wordpress.com/2023/08/22/karrige-utilitare/index.html]
[emkoprototip.files.wordpress.com/2023/09/first196b.png]
[emkoprototip.files.wordpress.com/2023/09/flash0f8d.png]
[emkoprototip.files.wordpress.com/2023/09/ngjyrat-flash88b2.png]
[emkoprototip.files.wordpress.com/2023/09/urban-1deb6.png]
[emkoprototip.files.wordpress.com/2023/09/urban-2ec08.png]
[emkoprototip.files.wordpress.com/2023/09/racee7dc.png]
[emkoprototip.files.wordpress.com/2023/09/pulle7dc.png]
[emkoprototip.files.wordpress.com/2023/09/ngjyra-pullec3d.png]
[emkoprototip.files.wordpress.com/2023/09/q5-10f8d.png]
[emkoprototip.files.wordpress.com/2023/09/q5-26d2f.png]
[emkoprototip.files.wordpress.com/2023/09/oki8ee8.png]
[emkoprototip.files.wordpress.com/2023/09/ngjyra-okif20a.png]
[emkoprototip.files.wordpress.com/2023/09/pinkoe7dc.png]
[emkoprototip.files.wordpress.com/2023/09/unnamede155.png]
[emkoprototip.files.wordpress.com/2023/09/unnamed-ngjyratd2ce.png]
[emkoprototip.files.wordpress.com/2023/09/goa5dd1.png]
[emkoprototip.files.wordpress.com/2023/09/pluto1d0b.png]
[emkoprototip.files.wordpress.com/2023/09/em-f-coll3047.png]
[emkoprototip.files.wordpress.com/2023/09/magix-142ce.png]
[emkoprototip.files.wordpress.com/2023/09/magix-27dc2.png]
[emkoprototip.files.wordpress.com/2023/09/vincenzae155.png]
[emkoprototip.files.wordpress.com/2023/09/venezia5dd1.png]
[emkoprototip.files.wordpress.com/2023/09/ngjyrat-venezia453c.png]
[emkoprototip.files.wordpress.com/2023/09/em-s-q9c95f.png]
[emkoprototip.files.wordpress.com/2023/09/pasport24e4.png]
[emkoprototip.files.wordpress.com/2023/09/square-1-101aa.png]
[emkoprototip.files.wordpress.com/2023/09/square-2b131.png]
[emkoprototip.files.wordpress.com/2023/09/ngjyra-square05ba.png]
[emkoprototip.files.wordpress.com/2023/09/novaisoab70.png]
[emkoprototip.files.wordpress.com/2023/09/ngjyra-novaiso7e6e.png]
[emkoprototip.files.wordpress.com/2023/09/redf4f6.png]
[emkoprototip.files.wordpress.com/2023/09/walter0f8d.png]
[emkoprototip.files.wordpress.com/2023/09/aviator-plastike9464.png]
[emkoprototip.files.wordpress.com/2023/09/ngjyra-aviator163a.png]
[emkoprototip.files.wordpress.com/2023/09/butterflyee17.png]
[emkoprototip.files.wordpress.com/2023/09/ngjyra-butterflyb79d.png]
[emkoprototip.files.wordpress.com/2023/09/isonet-plastikeaf90.png]
[emkoprototip.files.wordpress.com/2023/09/prisma-plastiked674.png]
[emkoprototip.files.wordpress.com/2023/09/confortab70.png]
[emkoprototip.files.wordpress.com/2023/09/ngjyra-confort411a.png]
[emkoprototip.files.wordpress.com/2023/09/aba-1d674.png]
[emkoprototip.files.wordpress.com/2023/09/aba-2ee17.png]
[emkoprototip.files.wordpress.com/2023/09/ngjyra-aba3e0f.png]
[emkoprototip.files.wordpress.com/2023/09/athos0f8d.png]
[emkoprototip.files.wordpress.com/2023/09/schoolf015.png]
[emkoprototip.files.wordpress.com/2023/09/ngjyra-schoolfc12.png]
[emkoprototip.files.wordpress.com/2023/09/iso-315-plastike8ee8.png]
[emkoprototip.files.wordpress.com/2023/09/sigma-plastike8eb1.png]
[emkoprototip.files.wordpress.com/2023/09/ngjyra-sigma88b2.png]
[emkoprototip.wordpress.com/2023/08/21/karrige-plastike/GET.1cf.delayed]
[emkoprototip.wordpress.com/2023/08/21/karrige-plastike/index.html]
[emkoprototip.wordpress.com/produkte/index61d9.html]
[emkoprototip.wordpress.com/produkte/index2b9e.html]
[emkoprototip.wordpress.com/produkte/indexade5.html]
[emkoprototip.files.wordpress.com/2023/09/ja-1391e1.png]
[emkoprototip.files.wordpress.com/2023/09/mustang9925.png]
[emkoprototip.files.wordpress.com/2023/09/he38a9ebc.png]
[emkoprototip.files.wordpress.com/2023/09/ja-16c3f8.png]
[emkoprototip.files.wordpress.com/2023/09/em-r-je155.png]
[emkoprototip.files.wordpress.com/2023/09/ngjyra-em-r-j453c.png]
[emkoprototip.files.wordpress.com/2023/09/blitze155.png]
[emkoprototip.files.wordpress.com/2023/09/em-r-m9925.png]
[emkoprototip.files.wordpress.com/2023/09/em-r-v0f8d.png]
[emkoprototip.files.wordpress.com/2023/09/7305dd1.png]
[emkoprototip.files.wordpress.com/2023/09/herman-miller-ergohuman-15f3e.png]
[emkoprototip.files.wordpress.com/2023/09/em-r-hd4f0.png]
[emkoprototip.files.wordpress.com/2023/09/400e155.png]
[emkoprototip.files.wordpress.com/2023/09/bingo6cc5.png]
[emkoprototip.files.wordpress.com/2023/09/he-2016-10ff95.png]
[emkoprototip.files.wordpress.com/2023/09/em-r-h-ff1aa.png]
[emkoprototip.files.wordpress.com/2023/09/abce7dc.png]
[emkoprototip.files.wordpress.com/2023/09/h534e7dc.png]
[emkoprototip.wordpress.com/2023/08/20/karrige-ekzekutive/GET]
[emkoprototip.wordpress.com/2023/08/20/karrige-ekzekutive/index.html]
[emkoprototip.files.wordpress.com/2023/09/sigma-pritese1d0b.png]
[emkoprototip.files.wordpress.com/2023/09/sigma-ngjyra16e3.png]
[emkoprototip.files.wordpress.com/2023/09/pinko-pritese3bc5.png]
[emkoprototip.files.wordpress.com/2023/09/pinko-ngjyrabd66.png]
[emkoprototip.files.wordpress.com/2023/09/pull-priteseb099.png]
[emkoprototip.files.wordpress.com/2023/09/pull-ngjyra04b7.png]
[emkoprototip.files.wordpress.com/2023/09/oki-pritsee7c0.png]
[emkoprototip.files.wordpress.com/2023/09/oki-ngjyra25d5.png]
[emkoprototip.files.wordpress.com/2023/09/magix-pritesef424.png]
[emkoprototip.files.wordpress.com/2023/09/square-pritesee7dc.png]
[emkoprototip.files.wordpress.com/2023/09/iso-315-pritse0379.png]
[emkoprototip.files.wordpress.com/2023/09/aba-pritseb099.png]
[emkoprototip.files.wordpress.com/2023/09/urban-pritseb099.png]
[emkoprototip.files.wordpress.com/2023/09/bella-pritse8eb1.png]
[emkoprototip.files.wordpress.com/2023/09/butterfly-pritse9464.png]
[emkoprototip.files.wordpress.com/2023/09/modeli-look1d0b.png]
[emkoprototip.files.wordpress.com/2023/09/modeli-look-ngjyra16e3.png]
[emkoprototip.files.wordpress.com/2023/09/smart196b.png]
[emkoprototip.files.wordpress.com/2023/09/alaf424.png]
[emkoprototip.files.wordpress.com/2023/09/unnamed-pritse6912.png]
[emkoprototip.files.wordpress.com/2023/09/aria-bc96.png]
[emkoprototip.files.wordpress.com/2023/09/siton5dd1.png]
[emkoprototip.files.wordpress.com/2023/09/race-pritse01aa.png]
[emkoprototip.files.wordpress.com/2023/09/q5-pritseee17.png]
[emkoprototip.files.wordpress.com/2023/09/steelon8eb1.png]
[emkoprototip.files.wordpress.com/2023/09/q9-214f8.png]
[emkoprototip.wordpress.com/2023/08/19/karrige-pritese/GET]
[emkoprototip.wordpress.com/2023/08/19/karrige-pritese/index.html]
[emkoprototip.wordpress.com/produkte/index22ee.html]
[emkoprototip.wordpress.com/produkte/index7aa8.html]
[emkoprototip.wordpress.com/category/produkte/page/2/GET]
[emkoprototip.wordpress.com/category/produkte/page/3/index.html]
[emkoprototip.wordpress.com/category/produkte/page/2/index.html]
[emkoprototip.wordpress.com/category/produkte/GET.html]
[emkoprototip.wordpress.com/2023/08/28/linja-industriale/index9a7b.html]
[emkoprototip.wordpress.com/2023/08/28/linja-industriale/index5a58.html]
[emkoprototip.wordpress.com/2023/08/28/linja-industriale/GET.html]
[emkoprototip.wordpress.com/2023/08/27/dollape-metalik-modele-1-2-3/index9a7b.html]
[emkoprototip.wordpress.com/2023/08/27/dollape-metalik-modele-1-2-3/index5a58.html]
[emkoprototip.wordpress.com/2023/08/27/dollape-metalik-modele-1-2-3/GET.html]
[emkoprototip.wordpress.com/2023/08/26/skafale-metalik/index9a7b.html]
[emkoprototip.wordpress.com/2023/08/26/skafale-metalik/index5a58.html]
[emkoprototip.wordpress.com/2023/08/26/skafale-metalik/GET.html]
[emkoprototip.wordpress.com/2023/08/25/dollape/index9a7b.html]
[emkoprototip.wordpress.com/2023/08/25/dollape/index5a58.html]
[emkoprototip.wordpress.com/2023/08/25/dollape/GET.html]
[emkoprototip.wordpress.com/2023/08/24/kolltuke/index9a7b.html]
[emkoprototip.wordpress.com/2023/08/24/kolltuke/index5a58.html]
[emkoprototip.wordpress.com/2023/08/24/kolltuke/GET.html]
[emkoprototip.wordpress.com/2023/08/23/stadiume/index9a7b.html]
[emkoprototip.wordpress.com/2023/08/23/stadiume/index5a58.html]
[emkoprototip.wordpress.com/2023/08/23/stadiume/GET.html]
[emkoprototip.wordpress.com/2023/08/22/karrige-utilitare/index9a7b.html]
[emkoprototip.wordpress.com/2023/08/22/karrige-utilitare/index5a58.html]
[emkoprototip.wordpress.com/category/karrige/GET]
[emkoprototip.wordpress.com/category/karrige/page/2/index.html]
[emkoprototip.wordpress.com/category/karrige/feed/index.html]
[emkoprototip.wordpress.com/category/karrige/index.html]
[emkoprototip.wordpress.com/2023/08/22/karrige-utilitare/GET.html]
[emkoprototip.wordpress.com/2023/08/21/karrige-plastike/index9a7b.html]
[emkoprototip.wordpress.com/2023/08/21/karrige-plastike/index5a58.html]
[emkoprototip.wordpress.com/2023/08/21/karrige-plastike/GET.html]
[emkoprototip.wordpress.com/2023/08/20/karrige-ekzekutive/index9a7b.html]
[emkoprototip.wordpress.com/2023/08/20/karrige-ekzekutive/index5a58.html]
[emkoprototip.wordpress.com/2023/08/20/karrige-ekzekutive/GET.html]
[emkoprototip.wordpress.com/2023/08/19/karrige-pritese/index9a7b.html]
[emkoprototip.wordpress.com/2023/08/19/karrige-pritese/index5a58.html]
[emkoprototip.wordpress.com/2023/08/19/karrige-pritese/GET.html]
[emkoprototip.wordpress.com/produkte/index22ee.html]
[emkoprototip.wordpress.com/category/produkte/page/3/GET]
[emkoprototip.wordpress.com/category/produkte/page/4/index.html]
[emkoprototip.wordpress.com/category/produkte/page/3/index.html]
[emkoprototip.wordpress.com/category/produkte/page/2/GET.html]
[emkoprototip.wordpress.com/category/karrige/page/2/GET]
[emkoprototip.wordpress.com/category/karrige/page/3/index.html]
[emkoprototip.wordpress.com/category/karrige/page/2/index.html]
[emkoprototip.wordpress.com/category/karrige/GET.html]
[emkoprototip.wordpress.com/category/produkte/page/4/GET]
[emkoprototip.wordpress.com/category/produkte/page/5/index.html]
[emkoprototip.wordpress.com/category/produkte/page/4/index.html]
[emkoprototip.wordpress.com/category/produkte/page/3/GET.html]
[emkoprototip.wordpress.com/category/karrige/page/3/GET]
[emkoprototip.wordpress.com/category/karrige/page/4/index.html]
[emkoprototip.wordpress.com/category/karrige/page/3/index.html]
[emkoprototip.wordpress.com/category/karrige/page/2/GET.html]
[emkoprototip.wordpress.com/category/produkte/page/5/GET]
[emkoprototip.wordpress.com/category/produkte/page/6/index.html]
[emkoprototip.wordpress.com/category/produkte/page/5/index.html]
[emkoprototip.wordpress.com/category/produkte/page/4/GET.html]
[emkoprototip.wordpress.com/category/karrige/page/4/GET]
[emkoprototip.wordpress.com/category/karrige/page/4/index.html]
[emkoprototip.wordpress.com/category/karrige/page/3/GET.html]
[emkoprototip.wordpress.com/category/produkte/page/6/GET]
[emkoprototip.wordpress.com/category/produkte/page/7/index.html]
[emkoprototip.wordpress.com/category/produkte/page/6/index.html]
[emkoprototip.wordpress.com/category/produkte/page/5/GET.html]
[emkoprototip.wordpress.com/category/karrige/page/4/GET.html]
[emkoprototip.wordpress.com/category/produkte/page/7/GET]
[emkoprototip.wordpress.com/category/produkte/page/8/index.html]
[emkoprototip.wordpress.com/category/produkte/page/7/index.html]
[emkoprototip.wordpress.com/category/produkte/page/6/GET.html]
[emkoprototip.wordpress.com/category/produkte/page/8/GET]
[emkoprototip.wordpress.com/category/produkte/page/9/index.html]
[emkoprototip.wordpress.com/category/produkte/page/8/index.html]
[emkoprototip.wordpress.com/category/produkte/page/7/GET.html]
[emkoprototip.wordpress.com/category/produkte/page/9/GET]
[emkoprototip.wordpress.com/category/produkte/page/10/index.html]
[emkoprototip.wordpress.com/category/produkte/page/9/index.html]
[emkoprototip.wordpress.com/category/produkte/page/8/GET.html]
[emkoprototip.wordpress.com/category/produkte/page/10/GET]
[emkoprototip.wordpress.com/category/produkte/page/11/index.html]
[emkoprototip.wordpress.com/category/produkte/page/10/index.html]
[emkoprototip.wordpress.com/category/produkte/page/9/GET.html]
[emkoprototip.wordpress.com/category/produkte/page/11/GET]
[emkoprototip.wordpress.com/category/produkte/page/12/index.html]
[emkoprototip.wordpress.com/category/produkte/page/11/index.html]
[emkoprototip.wordpress.com/category/produkte/page/10/GET.html]
[emkoprototip.wordpress.com/category/produkte/page/12/GET]
[emkoprototip.wordpress.com/category/produkte/page/13/index.html]
[emkoprototip.wordpress.com/category/produkte/page/12/index.html]
[emkoprototip.wordpress.com/category/produkte/page/11/GET.html]
[emkoprototip.wordpress.com/category/produkte/page/13/GET]
[emkoprototip.wordpress.com/category/produkte/page/14/index.html]
[emkoprototip.wordpress.com/category/produkte/page/13/index.html]
[emkoprototip.wordpress.com/category/produkte/page/12/GET.html]
[emkoprototip.wordpress.com/category/produkte/page/14/GET]
[emkoprototip.wordpress.com/category/produkte/page/14/index.html]
[emkoprototip.wordpress.com/category/produkte/page/13/GET.html]
[emkoprototip.wordpress.com/category/produkte/page/14/GET.html]
